
> revol-q@0.1.0 build
> next build

node.exe : ΓÜá Warning: Next.js inferred your workspace root, but it may not 
be correct.
At C:\Users\eathe\AppData\Roaming\npm\npm.ps1:24 char:5
+     & "node$exe"  "$basedir/node_modules/npm/bin/npm-cli.js" $args
+     ~~~~~~~~~~~~~~~~~~~~~~~~~~~~~~~~~~~~~~~~~~~~~~~~~~~~~~~~~~~~~~
    + CategoryInfo          : NotSpecified: (ΓÜá Warning: Ne...not be correct 
   .:String) [], RemoteException
    + FullyQualifiedErrorId : NativeCommandError
 
 We detected multiple lockfiles and selected the directory of 
C:\Users\eathe\package-lock.json as the root directory.
 To silence this warning, set `turbopack.root` in your Next.js config, or 
consider removing one of the lockfiles if it's not needed.
   See https://nextjs.org/docs/app/api-reference/config/next-config-js/turbopa
ck#root-directory for more information.
 Detected additional lockfiles: 
   * C:\Users\eathe\revolq\revol-q\package-lock.json

Γû▓ Next.js 16.2.1 (Turbopack)

  Creating an optimized production build ...
Γ£ô Compiled successfully in 6.0s
  Running TypeScript ...
  Finished TypeScript in 8.1s ...
  Collecting page data using 14 workers ...
  Generating static pages using 14 workers (0/13) ...
  Generating static pages using 14 workers (3/13) 
  Generating static pages using 14 workers (6/13) 
  Generating static pages using 14 workers (9/13) 
Γ£ô Generating static pages using 14 workers (13/13) in 1318ms
  Finalizing page optimization ...

Route (app)
Γöî Γùï /
Γö£ Γùï /_not-found
Γö£ Γùï /about
Γö£ Γùï /contact
Γö£ Γùï /services
Γö£ Γùï /services/ai-automation
Γö£ Γùï /services/brand-strategy
Γö£ Γùï /services/retainer
Γö£ Γùï /services/seo-gbp
Γö£ Γùï /services/web-development
Γö£ Γùï /work
Γöö Γùï /work/nixtudio


Γùï  (Static)  prerendered as static content


> revol-q@0.1.0 postbuild
> next-sitemap

Γ£¿ [next-sitemap] Loading next-sitemap config: file:///C:/Users/eathe/revolq/revol-q/next-sitemap.config.js
Γ£à [next-sitemap] Generation completed
ΓöîΓöÇΓöÇΓöÇΓöÇΓöÇΓöÇΓöÇΓöÇΓöÇΓöÇΓöÇΓöÇΓöÇΓöÇΓöÇΓö¼ΓöÇΓöÇΓöÇΓöÇΓöÇΓöÇΓöÇΓöÇΓöÉ
Γöé (index)       Γöé Values Γöé
Γö£ΓöÇΓöÇΓöÇΓöÇΓöÇΓöÇΓöÇΓöÇΓöÇΓöÇΓöÇΓöÇΓöÇΓöÇΓöÇΓö╝ΓöÇΓöÇΓöÇΓöÇΓöÇΓöÇΓöÇΓöÇΓöñ
Γöé indexSitemaps Γöé 1      Γöé
Γöé sitemaps      Γöé 1      Γöé
ΓööΓöÇΓöÇΓöÇΓöÇΓöÇΓöÇΓöÇΓöÇΓöÇΓöÇΓöÇΓöÇΓöÇΓöÇΓöÇΓö┤ΓöÇΓöÇΓöÇΓöÇΓöÇΓöÇΓöÇΓöÇΓöÿ
-----------------------------------------------------
 SITEMAP INDICES 
-----------------------------------------------------

   Γùï https://revolq.in/sitemap.xml


-----------------------------------------------------
 SITEMAPS 
-----------------------------------------------------

   Γùï https://revolq.in/sitemap-0.xml


